// Jest Snapshot v1, https://goo.gl/fbAQLP

exports[`SecureApplicationLoadBalancerAccessLogBucket Testing Should match snapshot 1`] = `
Object {
  "Parameters": Object {
    "BootstrapVersion": Object {
      "Default": "/cdk-bootstrap/hnb659fds/version",
      "Description": "Version of the CDK Bootstrap resources in this environment, automatically retrieved from SSM Parameter Store. [cdk:skip]",
      "Type": "AWS::SSM::Parameter::Value<String>",
    },
  },
  "Resources": Object {
    "SecureApplicationLoadBalancerAccessLogBucket6DB3A9E7": Object {
      "DeletionPolicy": "Retain",
      "Properties": Object {
        "AccessControl": "Private",
        "BucketEncryption": Object {
          "ServerSideEncryptionConfiguration": Array [
            Object {
              "ServerSideEncryptionByDefault": Object {
                "SSEAlgorithm": "aws:kms",
              },
            },
          ],
        },
        "LifecycleConfiguration": Object {
          "Rules": Array [
            Object {
              "Id": "ArchiveStepLifeCycle",
              "Status": "Enabled",
              "Transitions": Array [
                Object {
                  "StorageClass": "STANDARD_IA",
                  "TransitionInDays": 60,
                },
                Object {
                  "StorageClass": "INTELLIGENT_TIERING",
                  "TransitionInDays": 120,
                },
                Object {
                  "StorageClass": "GLACIER",
                  "TransitionInDays": 180,
                },
                Object {
                  "StorageClass": "DEEP_ARCHIVE",
                  "TransitionInDays": 360,
                },
              ],
            },
          ],
        },
        "PublicAccessBlockConfiguration": Object {
          "BlockPublicAcls": true,
          "BlockPublicPolicy": true,
          "IgnorePublicAcls": true,
          "RestrictPublicBuckets": true,
        },
        "VersioningConfiguration": Object {
          "Status": "Enabled",
        },
      },
      "Type": "AWS::S3::Bucket",
      "UpdateReplacePolicy": "Retain",
    },
    "SecureApplicationLoadBalancerAccessLogBucketPolicyDCDADB99": Object {
      "Properties": Object {
        "Bucket": Object {
          "Ref": "SecureApplicationLoadBalancerAccessLogBucket6DB3A9E7",
        },
        "PolicyDocument": Object {
          "Statement": Array [
            Object {
              "Action": "s3:*",
              "Condition": Object {
                "Bool": Object {
                  "aws:SecureTransport": "false",
                },
              },
              "Effect": "Deny",
              "Principal": Object {
                "AWS": "*",
              },
              "Resource": Array [
                Object {
                  "Fn::GetAtt": Array [
                    "SecureApplicationLoadBalancerAccessLogBucket6DB3A9E7",
                    "Arn",
                  ],
                },
                Object {
                  "Fn::Join": Array [
                    "",
                    Array [
                      Object {
                        "Fn::GetAtt": Array [
                          "SecureApplicationLoadBalancerAccessLogBucket6DB3A9E7",
                          "Arn",
                        ],
                      },
                      "/*",
                    ],
                  ],
                },
              ],
            },
            Object {
              "Action": "s3:PutObject",
              "Effect": "Allow",
              "Principal": Object {
                "AWS": Object {
                  "Fn::Join": Array [
                    "",
                    Array [
                      "arn:",
                      Object {
                        "Ref": "AWS::Partition",
                      },
                      ":iam::127311923021:root",
                    ],
                  ],
                },
              },
              "Resource": Object {
                "Fn::Join": Array [
                  "",
                  Array [
                    Object {
                      "Fn::GetAtt": Array [
                        "SecureApplicationLoadBalancerAccessLogBucket6DB3A9E7",
                        "Arn",
                      ],
                    },
                    "/AWSLogs/123456789012/*",
                  ],
                ],
              },
            },
          ],
          "Version": "2012-10-17",
        },
      },
      "Type": "AWS::S3::BucketPolicy",
    },
  },
  "Rules": Object {
    "CheckBootstrapVersion": Object {
      "Assertions": Array [
        Object {
          "Assert": Object {
            "Fn::Not": Array [
              Object {
                "Fn::Contains": Array [
                  Array [
                    "1",
                    "2",
                    "3",
                    "4",
                    "5",
                  ],
                  Object {
                    "Ref": "BootstrapVersion",
                  },
                ],
              },
            ],
          },
          "AssertDescription": "CDK bootstrap stack version 6 required. Please run 'cdk bootstrap' with a recent version of the CDK CLI.",
        },
      ],
    },
  },
}
`;
